<area shape="rect" href="eta.html" title="eta" alt="eta" coords="197,200,266,246">
<area shape="rect" href="timediff.html" title="timediff" alt="timediff" coords="193,292,296,338">
<area shape="rect" href="expansion.html" title="expansion" alt="expansion" coords="464,292,580,338">
<area shape="rect" href="xp_dim.html" title="xp_dim" alt="xp_dim" coords="20,385,117,431">
<area shape="rect" href="leta.html" title="leta" alt="leta" coords="104,200,174,246">
<area shape="rect" href="sfa1.html" title="sfa1" alt="sfa1" coords="110,14,179,61">
<area shape="rect" href="sfa1_create.html" title="sfa1_create" alt="sfa1_create" coords="603,292,727,338">
<area shape="rect" href="sfa_clear.html" title="sfa_clear" alt="sfa_clear" coords="333,292,441,338">
<area shape="rect" href="sfa_execute.html" title="sfa_execute" alt="sfa_execute" coords="446,107,580,153">
<area shape="rect" href="sfa_step.html" title="sfa_step" alt="sfa_step" coords="323,107,423,153">
<area shape="rect" href="sfa1_step.html" title="sfa1_step" alt="sfa1_step" coords="290,200,398,246">
<area shape="rect" href="sfa2_step.html" title="sfa2_step" alt="sfa2_step" coords="470,200,580,246">
<area shape="rect" href="sfa2.html" title="sfa2" alt="sfa2" coords="17,14,86,61">
<area shape="rect" href="sfa2_create.html" title="sfa2_create" alt="sfa2_create" coords="7,107,135,153">
<area shape="rect" href="sfa_clearall.html" title="sfa_clearall" alt="sfa_clearall" coords="202,14,331,61">
<area shape="rect" href="sfa_getHf.html" title="sfa_getHf" alt="sfa_getHf" coords="354,14,472,61">
<area shape="rect" href="sfa_load.html" title="sfa_load" alt="sfa_load" coords="495,14,598,61">
<area shape="rect" href="sfa_save.html" title="sfa_save" alt="sfa_save" coords="621,14,727,61">
